TACC:  Starting up job 5559864 
TACC:  Starting parallel tasks... 

     Program BANDS v.7.2 starts on 25Jun2023 at 20:43:56 

     This program is part of the open-source Quantum ESPRESSO suite
     for quantum simulation of materials; please cite
         "P. Giannozzi et al., J. Phys.:Condens. Matter 21 395502 (2009);
         "P. Giannozzi et al., J. Phys.:Condens. Matter 29 465901 (2017);
         "P. Giannozzi et al., J. Chem. Phys. 152 154105 (2020);
          URL http://www.quantum-espresso.org", 
     in publications or presentations arising from this work. More details at
     http://www.quantum-espresso.org/quote

     Parallel version (MPI & OpenMP), running on     224 processor cores
     Number of MPI processes:               224
     Threads/MPI process:                     1

     MPI processes distributed on     4 nodes
     R & G space division:  proc/nbgrp/npool/nimage =     224
     174021 MiB available memory on the printing compute node when the environment starts
 

     Reading xml data from directory:

     ./out/SMBA2PbI4_151_157.save/
     file C.pbesol-n-kjpaw_psl.1.0.0.UPF: wavefunction(s)  2S 2P renormalized

     IMPORTANT: XC functional enforced from input :
     Exchange-correlation= PBESOL
                           (   1   4  10   8   0   0   0)
     Any further DFT definition will be discarded
     Please, verify this is what you really want

 
     Parallelization info
     --------------------
     sticks:   dense  smooth     PW     G-vecs:    dense   smooth      PW
     Min          37      18      5                 8127     2858     389
     Max          38      19      6                 8156     2894     415
     Sum        8397    4193   1127              1823067   644623   90567
 
     Using Slab Decomposition
 

     Check: negative core charge=   -0.000003

     negative rho (up, down):  1.001E-05 0.000E+00
     Reading collected, re-writing distributed wavefunctions
     high-symmetry point:  0.5000 0.0000 0.0001   x coordinate   0.0000
     high-symmetry point:  0.0000 0.0000 0.0000   x coordinate   0.5000
     high-symmetry point:  0.0000 0.4812 0.0002   x coordinate   0.9812
     high-symmetry point:  0.0000 0.0000 0.0000   x coordinate   0.9812
     high-symmetry point:  0.0000 0.0000 0.1557   x coordinate   1.1369
     high-symmetry point: -0.5000-0.4812 0.1555   x coordinate   1.1369
     high-symmetry point:  0.0000 0.0000 0.0000   x coordinate   1.8481
     high-symmetry point:  0.0000-0.4812 0.1555   x coordinate   2.3538
     high-symmetry point: -0.5000-0.0000 0.1557   x coordinate   2.3538
     high-symmetry point:  0.0000 0.0000 0.0000   x coordinate   2.8774
     high-symmetry point:  0.5000-0.4812-0.0001   x coordinate   3.5714

     Plottable bands (eV) written to file SMBA2PbI4_151_157_band_structure.dat.gnu
     Bands written to file SMBA2PbI4_151_157_band_structure.dat
